// Jest Snapshot v1, https://goo.gl/fbAQLP

exports[`should render ExpenseList with mock expenses 1`] = `
<div>
  <ExpenseListItem
    amount={195}
    createdAt={0}
    description="gum"
    id="0"
    key="0"
    note=""
  />
  <ExpenseListItem
    amount={122195}
    createdAt={-345600000}
    description="rent"
    id="1"
    key="1"
    note=""
  />
  <ExpenseListItem
    amount={4500}
    createdAt={345600000}
    description="credit"
    id="2"
    key="2"
    note=""
  />
</div>
`;

exports[`should render ExpenseList with no expenses 1`] = `
<div>
  <p>
    No Expenses
  </p>
</div>
`;
